<?xml version="1.0" encoding="UTF-8" ?>
<testsuites name="vitest tests" tests="3" failures="0" errors="0" time="4.915">
    <testsuite name="tests/challenge0.test.js" timestamp="2024-01-11T06:48:00.892Z" hostname="DESKTOP-13TBEBS" tests="3" failures="0" errors="0" skipped="0" time="3.402">
        <testcase classname="tests/challenge0.test.js" name="Pre authentication tasks &gt; Challenge 0.a - User not found do not expose too much information" time="0.794">
        </testcase>
        <testcase classname="tests/challenge0.test.js" name="Pre authentication tasks &gt; Challenge 0.b - Wrong password do not expose too much information" time="0.872">
        </testcase>
        <testcase classname="tests/challenge0.test.js" name="Post authentication tasks &gt; Challenge 0.c - Show user&apos;s firstname and lastname in welcome message" time="0.815">
        </testcase>
    </testsuite>
</testsuites>
